<section class="enterprise-workspace">
  <header class="panel enterprise-header-panel">
    <p class="eyebrow">
    </p>
    <h2>
    </h2>
    <div class="enterprise-header-badge-row">
      <span class="tier-badge">
      </span>
      <span class="temporal-badge">
      </span>
      <span class="commands-badge">
      </span>
      <span class="commands-badge">
      </span>
      <span class="commands-badge">
      </span>
    </div>
    <p class="status-line enterprise-status-line">
    </p>
    <p class="status-line enterprise-status-line">
    </p>
    <p class="status-line enterprise-status-line">
    </p>
    <div class="enterprise-summary-grid">
      <article class="enterprise-summary-card">
        <h4>
        </h4>
        <p class="enterprise-summary-keyline">
        </p>
        <p class="enterprise-summary-detail">
        </p>
      </article>
      <article class="enterprise-summary-card">
        <h4>
        </h4>
        <p class="enterprise-summary-keyline">
        </p>
        <p class="enterprise-summary-detail">
        </p>
      </article>
      <article class="enterprise-summary-card">
        <h4>
        </h4>
        <p class="enterprise-owner-pill owner-qc">
        </p>
        <p class="enterprise-summary-detail">
        </p>
      </article>
    </div>
    <div class="enterprise-zone-rail" aria-label="Enterprise tower zones">
      <span class="enterprise-zone-pill is-active">
      </span>
      <span class="enterprise-zone-pill">
      </span>
      <span class="enterprise-zone-pill">
      </span>
      <span class="enterprise-zone-pill">
      </span>
    </div>
    <section class="enterprise-chain-panel" aria-label="Monuments to Polls guided chain">
      <h4>
      </h4>
      <ol class="enterprise-chain-list">
        <li class="is-active">
          <strong>
          </strong>
          <span>
          </span>
        </li>
        <li>
          <strong>
          </strong>
          <span>
          </span>
        </li>
        <li>
          <strong>
          </strong>
          <span>
          </span>
        </li>
        <li>
          <strong>
          </strong>
          <span>
          </span>
        </li>
      </ol>
    </section>
    <div class="enterprise-badge-row">
      <span class="commands-badge enterprise-badge is-allowed">
      </span>
      <span class="commands-badge enterprise-badge is-allowed">
      </span>
      <span class="commands-badge enterprise-badge is-allowed">
      </span>
      <span class="commands-badge enterprise-badge is-allowed">
      </span>
      <span class="commands-badge enterprise-badge is-allowed">
      </span>
    </div>
    <div class="enterprise-command-row">
      <button>
      </button>
      <button>
      </button>
      <button>
      </button>
    </div>
    <p class="status-line enterprise-status-line">
    </p>
    <p class="status-line enterprise-status-line">
    </p>
    <div class="artifact-tag-display" aria-label="Enterprise Header Tags artifact tags">
      <div>
        <strong>
        </strong>
      </div>
      <div>
        <span>
        </span>
        <span>
        </span>
        <span>
        </span>
        <span>
        </span>
        <span>
        </span>
      </div>
    </div>
  </header>
  <section class="panel enterprise-panel">
    <h3>
    </h3>
    <p class="status-line">
    </p>
    <div class="action-grid">
      <button>
      </button>
      <button>
      </button>
      <button>
      </button>
      <button>
      </button>
    </div>
    <div class="artifact-tag-display" aria-label="Selected Project Tags artifact tags">
      <div>
        <strong>
        </strong>
      </div>
      <div>
        <span>
        </span>
        <span>
        </span>
        <span>
        </span>
        <span>
        </span>
        <span>
        </span>
      </div>
    </div>
  </section>
  <section class="panel enterprise-panel">
    <h3>
    </h3>
    <p class="status-line">
    </p>
    <div class="enterprise-tower-layout">
      <section class="qpu-tower">
        <style>
        </style>
        <h3>
        </h3>
        <div class="enterprise-tower-stats">
          <p>
          </p>
          <p>
          </p>
          <p>
          </p>
        </div>
        <p>
        </p>
        <p>
        </p>
        <p>
        </p>
        <div class="artifact-tag-display" aria-label="Tower Surface Tags artifact tags">
          <div>
            <strong>
            </strong>
          </div>
          <div>
            <span>
            </span>
            <span>
            </span>
            <span>
            </span>
            <span>
            </span>
            <span>
            </span>
          </div>
        </div>
        <div class="enterprise-floor-preview">
          <strong>
          </strong>
          <p>
          </p>
          <p>
          </p>
          <p>
          </p>
        </div>
        <div class="tower-floor-selector" id="enterprise-tower">
          <button class="enterprise-floor-button is-active">
            <svg>
              <rect>
              </rect>
              <rect>
              </rect>
              <rect>
              </rect>
              <rect>
              </rect>
            </svg>
            <span class="enterprise-floor-label">
            </span>
            <div class="enterprise-floor-badges">
              <span class="enterprise-floor-id">
              </span>
              <span class="enterprise-zone-id">
              </span>
              <span class="enterprise-rr-id">
              </span>
            </div>
          </button>
          <button class="enterprise-floor-button">
            <svg>
              <rect>
              </rect>
              <rect>
              </rect>
              <rect>
              </rect>
              <rect>
              </rect>
            </svg>
            <span class="enterprise-floor-label">
            </span>
            <div class="enterprise-floor-badges">
              <span class="enterprise-floor-id">
              </span>
              <span class="enterprise-zone-id">
              </span>
              <span class="enterprise-rr-id">
              </span>
            </div>
          </button>
          <button class="enterprise-floor-button">
            <svg>
              <rect>
              </rect>
              <rect>
              </rect>
              <rect>
              </rect>
              <rect>
              </rect>
            </svg>
            <span class="enterprise-floor-label">
            </span>
            <div class="enterprise-floor-badges">
              <span class="enterprise-floor-id">
              </span>
              <span class="enterprise-zone-id">
              </span>
              <span class="enterprise-rr-id">
              </span>
            </div>
          </button>
          <button class="enterprise-floor-button">
            <svg>
              <rect>
              </rect>
              <rect>
              </rect>
              <rect>
              </rect>
              <rect>
              </rect>
            </svg>
            <span class="enterprise-floor-label">
            </span>
            <div class="enterprise-floor-badges">
              <span class="enterprise-floor-id">
              </span>
              <span class="enterprise-zone-id">
              </span>
              <span class="enterprise-rr-id">
              </span>
            </div>
          </button>
          <button class="enterprise-floor-button">
            <svg>
              <rect>
              </rect>
              <rect>
              </rect>
              <rect>
              </rect>
              <rect>
              </rect>
            </svg>
            <span class="enterprise-floor-label">
            </span>
            <div class="enterprise-floor-badges">
              <span class="enterprise-floor-id">
              </span>
              <span class="enterprise-zone-id">
              </span>
              <span class="enterprise-rr-id">
              </span>
            </div>
          </button>
          <button class="enterprise-floor-button">
            <svg>
              <rect>
              </rect>
              <rect>
              </rect>
              <rect>
              </rect>
              <rect>
              </rect>
            </svg>
            <span class="enterprise-floor-label">
            </span>
            <div class="enterprise-floor-badges">
              <span class="enterprise-floor-id">
              </span>
              <span class="enterprise-zone-id">
              </span>
              <span class="enterprise-rr-id">
              </span>
            </div>
          </button>
          <button class="enterprise-floor-button">
            <svg>
              <rect>
              </rect>
              <rect>
              </rect>
              <rect>
              </rect>
              <rect>
              </rect>
            </svg>
            <span class="enterprise-floor-label">
            </span>
            <div class="enterprise-floor-badges">
              <span class="enterprise-floor-id">
              </span>
              <span class="enterprise-zone-id">
              </span>
              <span class="enterprise-rr-id">
              </span>
            </div>
          </button>
          <button class="enterprise-floor-button">
            <svg>
              <rect>
              </rect>
              <rect>
              </rect>
              <rect>
              </rect>
              <rect>
              </rect>
            </svg>
            <span class="enterprise-floor-label">
            </span>
            <div class="enterprise-floor-badges">
              <span class="enterprise-floor-id">
              </span>
              <span class="enterprise-zone-id">
              </span>
              <span class="enterprise-rr-id">
              </span>
            </div>
          </button>
          <button class="enterprise-floor-button">
            <svg>
              <rect>
              </rect>
              <rect>
              </rect>
              <rect>
              </rect>
              <rect>
              </rect>
            </svg>
            <span class="enterprise-floor-label">
            </span>
            <div class="enterprise-floor-badges">
              <span class="enterprise-floor-id">
              </span>
              <span class="enterprise-zone-id">
              </span>
              <span class="enterprise-rr-id">
              </span>
            </div>
          </button>
          <button class="enterprise-floor-button">
            <svg>
              <rect>
              </rect>
              <rect>
              </rect>
              <rect>
              </rect>
              <rect>
              </rect>
            </svg>
            <span class="enterprise-floor-label">
            </span>
            <div class="enterprise-floor-badges">
              <span class="enterprise-floor-id">
              </span>
              <span class="enterprise-zone-id">
              </span>
              <span class="enterprise-rr-id">
              </span>
            </div>
          </button>
        </div>
      </section>
      <aside class="enterprise-tower-aside">
        <h4>
        </h4>
        <p class="status-line">
        </p>
        <p class="status-line">
        </p>
        <p class="status-line">
        </p>
      </aside>
    </div>
  </section>
  <section class="panel enterprise-panel">
    <h3>
    </h3>
    <p class="status-line">
    </p>
    <p class="status-line">
    </p>
    <div class="enterprise-floor-slice-grid">
      <div class="enterprise-floor-slice-row">
        <div class="enterprise-floor-slice-head">
          <span>
          </span>
          <span>
          </span>
        </div>
        <div class="enterprise-floor-slice-track">
          <div class="enterprise-floor-slice-fill">
          </div>
        </div>
      </div>
      <div class="enterprise-floor-slice-row">
        <div class="enterprise-floor-slice-head">
          <span>
          </span>
          <span>
          </span>
        </div>
        <div class="enterprise-floor-slice-track">
          <div class="enterprise-floor-slice-fill">
          </div>
        </div>
      </div>
      <div class="enterprise-floor-slice-row">
        <div class="enterprise-floor-slice-head">
          <span>
          </span>
          <span>
          </span>
        </div>
        <div class="enterprise-floor-slice-track">
          <div class="enterprise-floor-slice-fill">
          </div>
        </div>
      </div>
      <div class="enterprise-floor-slice-row">
        <div class="enterprise-floor-slice-head">
          <span>
          </span>
          <span>
          </span>
        </div>
        <div class="enterprise-floor-slice-track">
          <div class="enterprise-floor-slice-fill">
          </div>
        </div>
      </div>
    </div>
    <p class="status-line">
    </p>
    <div class="artifact-tag-display" aria-label="Floor Detail Tags artifact tags">
      <div>
        <strong>
        </strong>
      </div>
      <div>
        <span>
        </span>
        <span>
        </span>
        <span>
        </span>
        <span>
        </span>
        <span>
        </span>
        <span>
        </span>
      </div>
    </div>
    <ul>
      <li>
        <strong>
        </strong>
      </li>
      <li>
        <strong>
        </strong>
      </li>
      <li>
        <strong>
        </strong>
      </li>
      <li>
        <strong>
        </strong>
      </li>
      <li>
        <strong>
        </strong>
      </li>
      <li>
        <strong>
        </strong>
      </li>
      <li>
        <strong>
        </strong>
      </li>
    </ul>
    <div class="enterprise-floor-links">
      <a>
      </a>
      <a>
      </a>
    </div>
    <div class="enterprise-preview-grid">
      <strong>
      </strong>
      <div class="artifact-tag-display" aria-label="Preview 1 artifact tags">
        <div>
          <strong>
          </strong>
        </div>
        <div>
          <span>
          </span>
          <span>
          </span>
          <span>
          </span>
        </div>
      </div>
      <div class="artifact-tag-display" aria-label="Preview 2 artifact tags">
        <div>
          <strong>
          </strong>
        </div>
        <div>
          <span>
          </span>
          <span>
          </span>
          <span>
          </span>
        </div>
      </div>
      <div class="artifact-tag-display" aria-label="Preview 3 artifact tags">
        <div>
          <strong>
          </strong>
        </div>
        <div>
          <span>
          </span>
          <span>
          </span>
          <span>
          </span>
        </div>
      </div>
    </div>
  </section>
  <section class="panel enterprise-panel" id="enterprise-timeline">
    <h3>
    </h3>
    <p class="status-line">
    </p>
    <section class="tower-execution-timeline" id="enterprise-timeline">
      <div class="routing-controls">
        <label>
          <select>
            <option>
            </option>
            <option>
            </option>
            <option>
            </option>
            <option>
            </option>
            <option>
            </option>
            <option>
            </option>
            <option>
            </option>
            <option>
            </option>
            <option>
            </option>
            <option>
            </option>
            <option>
            </option>
          </select>
        </label>
        <label>
          <select>
            <option>
            </option>
            <option>
            </option>
            <option>
            </option>
            <option>
            </option>
            <option>
            </option>
          </select>
        </label>
        <label>
          <select>
            <option>
            </option>
            <option>
            </option>
            <option>
            </option>
            <option>
            </option>
            <option>
            </option>
          </select>
        </label>
      </div>
      <div class="artifact-tag-display" aria-label="Tower Timeline Tags artifact tags">
        <div>
          <strong>
          </strong>
        </div>
        <div>
          <span>
          </span>
          <span>
          </span>
          <span>
          </span>
          <span>
          </span>
          <span>
          </span>
          <span>
          </span>
        </div>
      </div>
      <ul>
        <li>
          <div>
            <strong>
            </strong>
            <span>
            </span>
          </div>
          <p>
          </p>
          <button>
          </button>
        </li>
        <li>
          <div>
            <strong>
            </strong>
            <span>
            </span>
          </div>
          <p>
          </p>
          <button>
          </button>
        </li>
        <li>
          <div>
            <strong>
            </strong>
            <span>
            </span>
          </div>
          <p>
          </p>
          <button>
          </button>
        </li>
        <li>
          <div>
            <strong>
            </strong>
            <span>
            </span>
          </div>
          <p>
          </p>
          <button>
          </button>
        </li>
        <li>
          <div>
            <strong>
            </strong>
            <span>
            </span>
          </div>
          <p>
          </p>
          <button>
          </button>
        </li>
        <li>
          <div>
            <strong>
            </strong>
            <span>
            </span>
          </div>
          <p>
          </p>
          <button>
          </button>
        </li>
        <li>
          <div>
            <strong>
            </strong>
            <span>
            </span>
          </div>
          <p>
          </p>
          <button>
          </button>
        </li>
        <li>
          <div>
            <strong>
            </strong>
            <span>
            </span>
          </div>
          <p>
          </p>
          <button>
          </button>
        </li>
        <li>
          <div>
            <strong>
            </strong>
            <span>
            </span>
          </div>
          <p>
          </p>
          <button>
          </button>
        </li>
        <li>
          <div>
            <strong>
            </strong>
            <span>
            </span>
          </div>
          <p>
          </p>
          <button>
          </button>
        </li>
        <li>
          <div>
            <strong>
            </strong>
            <span>
            </span>
          </div>
          <p>
          </p>
          <button>
          </button>
        </li>
        <li>
          <div>
            <strong>
            </strong>
            <span>
            </span>
          </div>
          <p>
          </p>
          <button>
          </button>
        </li>
        <li>
          <div>
            <strong>
            </strong>
            <span>
            </span>
          </div>
          <p>
          </p>
          <button>
          </button>
        </li>
        <li>
          <div>
            <strong>
            </strong>
            <span>
            </span>
          </div>
          <p>
          </p>
          <button>
          </button>
        </li>
        <li>
          <div>
            <strong>
            </strong>
            <span>
            </span>
          </div>
          <p>
          </p>
          <button>
          </button>
        </li>
        <li>
          <div>
            <strong>
            </strong>
            <span>
            </span>
          </div>
          <p>
          </p>
          <button>
          </button>
        </li>
        <li>
          <div>
            <strong>
            </strong>
            <span>
            </span>
          </div>
          <p>
          </p>
          <button>
          </button>
        </li>
        <li>
          <div>
            <strong>
            </strong>
            <span>
            </span>
          </div>
          <p>
          </p>
          <button>
          </button>
        </li>
        <li>
          <div>
            <strong>
            </strong>
            <span>
            </span>
          </div>
          <p>
          </p>
          <button>
          </button>
        </li>
        <li>
          <div>
            <strong>
            </strong>
            <span>
            </span>
          </div>
          <p>
          </p>
          <button>
          </button>
        </li>
        <li>
          <div>
            <strong>
            </strong>
            <span>
            </span>
          </div>
          <p>
          </p>
          <button>
          </button>
        </li>
        <li>
          <div>
            <strong>
            </strong>
            <span>
            </span>
          </div>
          <p>
          </p>
          <button>
          </button>
        </li>
        <li>
          <div>
            <strong>
            </strong>
            <span>
            </span>
          </div>
          <p>
          </p>
          <button>
          </button>
        </li>
        <li>
          <div>
            <strong>
            </strong>
            <span>
            </span>
          </div>
          <p>
          </p>
          <button>
          </button>
        </li>
        <li>
          <div>
            <strong>
            </strong>
            <span>
            </span>
          </div>
          <p>
          </p>
          <button>
          </button>
        </li>
        <li>
          <div>
            <strong>
            </strong>
            <span>
            </span>
          </div>
          <p>
          </p>
          <button>
          </button>
        </li>
        <li>
          <div>
            <strong>
            </strong>
            <span>
            </span>
          </div>
          <p>
          </p>
          <button>
          </button>
        </li>
        <li>
          <div>
            <strong>
            </strong>
            <span>
            </span>
          </div>
          <p>
          </p>
          <button>
          </button>
        </li>
        <li>
          <div>
            <strong>
            </strong>
            <span>
            </span>
          </div>
          <p>
          </p>
          <button>
          </button>
        </li>
        <li>
          <div>
            <strong>
            </strong>
            <span>
            </span>
          </div>
          <p>
          </p>
          <button>
          </button>
        </li>
        <li>
          <div>
            <strong>
            </strong>
            <span>
            </span>
          </div>
          <p>
          </p>
          <button>
          </button>
        </li>
        <li>
          <div>
            <strong>
            </strong>
            <span>
            </span>
          </div>
          <p>
          </p>
          <button>
          </button>
        </li>
        <li>
          <div>
            <strong>
            </strong>
            <span>
            </span>
          </div>
          <p>
          </p>
          <button>
          </button>
        </li>
        <li>
          <div>
            <strong>
            </strong>
            <span>
            </span>
          </div>
          <p>
          </p>
          <button>
          </button>
        </li>
        <li>
          <div>
            <strong>
            </strong>
            <span>
            </span>
          </div>
          <p>
          </p>
          <button>
          </button>
        </li>
        <li>
          <div>
            <strong>
            </strong>
            <span>
            </span>
          </div>
          <p>
          </p>
          <button>
          </button>
        </li>
        <li>
          <div>
            <strong>
            </strong>
            <span>
            </span>
          </div>
          <p>
          </p>
          <button>
          </button>
        </li>
        <li>
          <div>
            <strong>
            </strong>
            <span>
            </span>
          </div>
          <p>
          </p>
          <button>
          </button>
        </li>
        <li>
          <div>
            <strong>
            </strong>
            <span>
            </span>
          </div>
          <p>
          </p>
          <button>
          </button>
        </li>
        <li>
          <div>
            <strong>
            </strong>
            <span>
            </span>
          </div>
          <p>
          </p>
          <button>
          </button>
        </li>
        <li>
          <div>
            <strong>
            </strong>
            <span>
            </span>
          </div>
          <p>
          </p>
          <button>
          </button>
        </li>
        <li>
          <div>
            <strong>
            </strong>
            <span>
            </span>
          </div>
          <p>
          </p>
          <button>
          </button>
        </li>
        <li>
          <div>
            <strong>
            </strong>
            <span>
            </span>
          </div>
          <p>
          </p>
          <button>
          </button>
        </li>
        <li>
          <div>
            <strong>
            </strong>
            <span>
            </span>
          </div>
          <p>
          </p>
          <button>
          </button>
        </li>
        <li>
          <div>
            <strong>
            </strong>
            <span>
            </span>
          </div>
          <p>
          </p>
          <button>
          </button>
        </li>
        <li>
          <div>
            <strong>
            </strong>
            <span>
            </span>
          </div>
          <p>
          </p>
          <button>
          </button>
        </li>
        <li>
          <div>
            <strong>
            </strong>
            <span>
            </span>
          </div>
          <p>
          </p>
          <button>
          </button>
        </li>
        <li>
          <div>
            <strong>
            </strong>
            <span>
            </span>
          </div>
          <p>
          </p>
          <button>
          </button>
        </li>
        <li>
          <div>
            <strong>
            </strong>
            <span>
            </span>
          </div>
          <p>
          </p>
          <button>
          </button>
        </li>
        <li>
          <div>
            <strong>
            </strong>
            <span>
            </span>
          </div>
          <p>
          </p>
          <button>
          </button>
        </li>
        <li>
          <div>
            <strong>
            </strong>
            <span>
            </span>
          </div>
          <p>
          </p>
          <button>
          </button>
        </li>
        <li>
          <div>
            <strong>
            </strong>
            <span>
            </span>
          </div>
          <p>
          </p>
          <button>
          </button>
        </li>
        <li>
          <div>
            <strong>
            </strong>
            <span>
            </span>
          </div>
          <p>
          </p>
          <button>
          </button>
        </li>
        <li>
          <div>
            <strong>
            </strong>
            <span>
            </span>
          </div>
          <p>
          </p>
          <button>
          </button>
        </li>
        <li>
          <div>
            <strong>
            </strong>
            <span>
            </span>
          </div>
          <p>
          </p>
          <button>
          </button>
        </li>
        <li>
          <div>
            <strong>
            </strong>
            <span>
            </span>
          </div>
          <p>
          </p>
          <button>
          </button>
        </li>
        <li>
          <div>
            <strong>
            </strong>
            <span>
            </span>
          </div>
          <p>
          </p>
          <button>
          </button>
        </li>
        <li>
          <div>
            <strong>
            </strong>
            <span>
            </span>
          </div>
          <p>
          </p>
          <button>
          </button>
        </li>
        <li>
          <div>
            <strong>
            </strong>
            <span>
            </span>
          </div>
          <p>
          </p>
          <button>
          </button>
        </li>
        <li>
          <div>
            <strong>
            </strong>
            <span>
            </span>
          </div>
          <p>
          </p>
          <button>
          </button>
        </li>
        <li>
          <div>
            <strong>
            </strong>
            <span>
            </span>
          </div>
          <p>
          </p>
          <button>
          </button>
        </li>
        <li>
          <div>
            <strong>
            </strong>
            <span>
            </span>
          </div>
          <p>
          </p>
          <button>
          </button>
        </li>
        <li>
          <div>
            <strong>
            </strong>
            <span>
            </span>
          </div>
          <p>
          </p>
          <button>
          </button>
        </li>
        <li>
          <div>
            <strong>
            </strong>
            <span>
            </span>
          </div>
          <p>
          </p>
          <button>
          </button>
        </li>
        <li>
          <div>
            <strong>
            </strong>
            <span>
            </span>
          </div>
          <p>
          </p>
          <button>
          </button>
        </li>
        <li>
          <div>
            <strong>
            </strong>
            <span>
            </span>
          </div>
          <p>
          </p>
          <button>
          </button>
        </li>
        <li>
          <div>
            <strong>
            </strong>
            <span>
            </span>
          </div>
          <p>
          </p>
          <button>
          </button>
        </li>
        <li>
          <div>
            <strong>
            </strong>
            <span>
            </span>
          </div>
          <p>
          </p>
          <button>
          </button>
        </li>
        <li>
          <div>
            <strong>
            </strong>
            <span>
            </span>
          </div>
          <p>
          </p>
          <button>
          </button>
        </li>
        <li>
          <div>
            <strong>
            </strong>
            <span>
            </span>
          </div>
          <p>
          </p>
          <button>
          </button>
        </li>
      </ul>
    </section>
  </section>
  <section class="panel enterprise-panel phase18-ebook-placeholder" aria-label="Enterprise E-Book Phase 18 placeholder">
    <h3>
    </h3>
    <p>
    </p>
    <ul>
      <li>
      </li>
      <li>
      </li>
      <li>
      </li>
      <li>
      </li>
      <li>
      </li>
      <li>
      </li>
      <li>
      </li>
    </ul>
  </section>
  <section class="panel enterprise-panel phase18-export-placeholder" aria-label="Enterprise Phase 18 export placeholder">
    <h3>
    </h3>
    <p>
    </p>
    <p>
    </p>
    <p>
    </p>
    <p>
    </p>
  </section>
  <section class="panel enterprise-panel phase18-inspector" aria-label="Enterprise Phase 18 inspector">
    <h3>
    </h3>
    <p>
    </p>
    <p>
    </p>
    <p>
    </p>
    <p>
    </p>
    <p>
    </p>
    <p>
    </p>
  </section>
  <section class="panel enterprise-panel phase18-debug-console" aria-label="Enterprise Phase 18 debug console">
    <h3>
    </h3>
    <p>
    </p>
    <details>
      <summary>
      </summary>
      <pre>
      </pre>
    </details>
    <details>
      <summary>
      </summary>
      <pre>
      </pre>
    </details>
  </section>
  <section class="panel enterprise-panel phase18-validator" aria-label="Enterprise Phase 18 envelope validator">
    <h3>
    </h3>
    <p>
    </p>
    <p>
    </p>
    <p>
    </p>
    <p>
    </p>
    <p>
    </p>
  </section>
  <section class="panel enterprise-panel phase18-runtime-preview" aria-label="Enterprise Phase 18 runtime preview">
    <h3>
    </h3>
    <p>
    </p>
    <p>
    </p>
    <p>
    </p>
    <p>
    </p>
    <p>
    </p>
  </section>
  <section class="panel phase19-runtime-panel" aria-label="Phase 19 runtime placeholder">
    <h3>
    </h3>
    <p>
    </p>
    <p>
    </p>
    <p>
    </p>
    <p>
    </p>
    <p>
    </p>
  </section>
  <section class="panel phase19-export-panel" aria-label="Phase 19 export envelope">
    <h3>
    </h3>
    <p>
    </p>
    <p>
    </p>
    <p>
    </p>
    <p>
    </p>
    <p>
    </p>
    <p>
    </p>
  </section>
  <section class="panel phase20-export-panel" aria-label="Phase 20 export envelope">
    <h3>
    </h3>
    <p>
    </p>
    <p>
    </p>
    <p>
    </p>
    <p>
    </p>
    <p>
    </p>
  </section>
  <section class="panel phase21-export-panel" aria-label="Phase 21 export envelope">
    <h3>
    </h3>
    <p>
    </p>
    <p>
    </p>
    <p>
    </p>
    <p>
    </p>
    <p>
    </p>
    <p>
    </p>
  </section>
  <section class="panel phase22-export-panel" aria-label="Phase 22 export envelope">
    <h3>
    </h3>
    <p>
    </p>
    <p>
    </p>
    <p>
    </p>
    <p>
    </p>
    <p>
    </p>
    <p>
    </p>
  </section>
  <section class="panel phase23-export-panel" aria-label="Phase 23 export envelope">
    <h3>
    </h3>
    <p>
    </p>
    <p>
    </p>
    <p>
    </p>
    <p>
    </p>
    <p>
    </p>
    <p>
    </p>
  </section>
  <section class="panel phase24-export-panel" aria-label="Phase 24 export envelope">
    <h3>
    </h3>
    <p>
    </p>
    <p>
    </p>
    <p>
    </p>
    <p>
    </p>
    <p>
    </p>
    <p>
    </p>
  </section>
  <section class="panel phase25-export-panel" aria-label="Phase 25 export envelope">
    <h3>
    </h3>
    <p>
    </p>
    <p>
    </p>
    <p>
    </p>
    <p>
    </p>
    <p>
    </p>
    <p>
    </p>
  </section>
  <section class="panel phase26-export-panel" aria-label="Phase 26 export envelope">
    <h3>
    </h3>
    <p>
    </p>
    <p>
    </p>
    <p>
    </p>
    <p>
    </p>
    <p>
    </p>
    <p>
    </p>
  </section>
  <section class="panel phase27-export-panel" aria-label="Phase 27 export envelope">
    <h3>
    </h3>
    <p>
    </p>
    <p>
    </p>
    <p>
    </p>
    <p>
    </p>
    <p>
    </p>
    <p>
    </p>
  </section>
  <section class="panel phase28-export-panel" aria-label="Phase 28 export envelope">
    <h3>
    </h3>
    <p>
    </p>
    <p>
    </p>
    <p>
    </p>
    <p>
    </p>
    <p>
    </p>
    <p>
    </p>
  </section>
  <section class="panel phase29-export-panel" aria-label="Phase 29 export envelope">
    <h3>
    </h3>
    <p>
    </p>
    <p>
    </p>
    <p>
    </p>
    <p>
    </p>
    <p>
    </p>
    <p>
    </p>
  </section>
  <section class="panel phase30-export-panel" aria-label="Phase 30 export envelope">
    <h3>
    </h3>
    <p>
    </p>
    <p>
    </p>
    <p>
    </p>
    <p>
    </p>
    <p>
    </p>
    <p>
    </p>
  </section>
</section>